============================= test session starts =============================
platform win32 -- Python 3.13.3, pytest-9.0.2, pluggy-1.6.0
rootdir: C:\Users\User\OneDrive\ai_code_reviewer\ai_code_reviewer
plugins: anyio-4.10.0, json-report-1.5.0, metadata-3.1.1
collected 15 items

tests\test_generator.py FFFFFFF........                                  [100%]

================================== FAILURES ===================================
_______________________________ test_gen_google _______________________________

mock_groq = <MagicMock name='Groq' id='2140254327808'>

    def test_gen_google(mock_groq):
        mock_client = MagicMock()
        mock_groq.return_value = mock_client
        mock_client.chat.completions.create.return_value.choices[0].message.content = "Google Style Docstring"
    
        result = generate_docstring("def foo(): pass", style="google")
>       assert result == "Google Style Docstring"
E       AssertionError: assert 'Google Style Docstring.' == 'Google Style Docstring'
E         
E         - Google Style Docstring
E         + Google Style Docstring.
E         ?                       +

tests\test_generator.py:21: AssertionError
______________________________ test_gen_caching _______________________________

mock_groq = <MagicMock name='Groq' id='2140249604176'>

    def test_gen_caching(mock_groq):
        """Verify that repeated calls use the cache."""
        mock_client = MagicMock()
        mock_groq.return_value = mock_client
        mock_client.chat.completions.create.return_value.choices[0].message.content = "Cached Docstring"
    
        # First call
        generate_docstring("def cache_me(): pass", style="google")
        # Second call (should be cached)
        generate_docstring("def cache_me(): pass", style="google")
    
        # Should only be called once
>       assert mock_client.chat.completions.create.call_count == 1
E       AssertionError: assert 0 == 1
E        +  where 0 = <MagicMock name='Groq().chat.completions.create' id='2140260203024'>.call_count
E        +    where <MagicMock name='Groq().chat.completions.create' id='2140260203024'> = <MagicMock name='Groq().chat.completions' id='2140260202688'>.create
E        +      where <MagicMock name='Groq().chat.completions' id='2140260202688'> = <MagicMock name='Groq().chat' id='2140260200336'>.completions
E        +        where <MagicMock name='Groq().chat' id='2140260200336'> = <MagicMock name='Groq()' id='2140249604512'>.chat

tests\test_generator.py:40: AssertionError
______________________________ test_gen_cleaning ______________________________

mock_groq = <MagicMock name='Groq' id='2140261745392'>

    def test_gen_cleaning(mock_groq):
        """Verify that markdown code blocks are stripped."""
        mock_client = MagicMock()
        mock_groq.return_value = mock_client
        mock_client.chat.completions.create.return_value.choices[0].message.content = "```python\nClean me\n```"
    
        result = generate_docstring("def clean_me(): pass", style="google")
>       assert result == "Clean me"
E       AssertionError: assert 'Google Style Docstring.' == 'Clean me'
E         
E         - Clean me
E         + Google Style Docstring.

tests\test_generator.py:49: AssertionError
_______________________________ test_gen_numpy ________________________________

mock_groq = <MagicMock name='Groq' id='2140261748752'>

    def test_gen_numpy(mock_groq):
        mock_client = MagicMock()
        mock_groq.return_value = mock_client
        mock_client.chat.completions.create.return_value.choices[0].message.content = "Numpy Style Docstring"
    
        result = generate_docstring("def foo(): pass", style="numpy")
>       assert result == "Numpy Style Docstring"
E       AssertionError: assert 'Google Style Docstring.' == 'Numpy Style Docstring'
E         
E         - Numpy Style Docstring
E         + Google Style Docstring.

tests\test_generator.py:57: AssertionError
________________________________ test_gen_rest ________________________________

mock_groq = <MagicMock name='Groq' id='2140261752112'>

    def test_gen_rest(mock_groq):
        mock_client = MagicMock()
        mock_groq.return_value = mock_client
        mock_client.chat.completions.create.return_value.choices[0].message.content = "ReST Style Docstring"
    
        result = generate_docstring("def foo(): pass", style="rest")
>       assert result == "ReST Style Docstring"
E       AssertionError: assert 'Google Style Docstring.' == 'ReST Style Docstring'
E         
E         - ReST Style Docstring
E         ? ^ --
E         + Google Style Docstring.
E         ? ^^^^^                 +

tests\test_generator.py:68: AssertionError
_________________________ test_gen_fallback_on_error __________________________

    def test_gen_fallback_on_error():
        with patch("core.review_engine.groq_review.Groq", side_effect=Exception("API Error")):
            result = generate_docstring("def foo(): pass", style="google")
>           assert "Error: API Error" in result
E           AssertionError: assert 'Error: API Error' in 'Google Style Docstring.'

tests\test_generator.py:76: AssertionError
_____________________________ test_gen_module_doc _____________________________

mock_groq = <MagicMock name='Groq' id='2140261755808'>

    def test_gen_module_doc(mock_groq):
        mock_client = MagicMock()
        mock_groq.return_value = mock_client
        mock_client.chat.completions.create.return_value.choices[0].message.content = "Module summary."
    
        result = generate_module_docstring("import os", style="google")
>       assert result == "Module summary."
E       AssertionError: assert 'Google Style Docstring.' == 'Module summary.'
E         
E         - Module summary.
E         + Google Style Docstring.

tests\test_generator.py:85: AssertionError
=========================== short test summary info ===========================
FAILED tests/test_generator.py::test_gen_google - AssertionError: assert 'Goo...
FAILED tests/test_generator.py::test_gen_caching - AssertionError: assert 0 == 1
FAILED tests/test_generator.py::test_gen_cleaning - AssertionError: assert 'G...
FAILED tests/test_generator.py::test_gen_numpy - AssertionError: assert 'Goog...
FAILED tests/test_generator.py::test_gen_rest - AssertionError: assert 'Googl...
FAILED tests/test_generator.py::test_gen_fallback_on_error - AssertionError: ...
FAILED tests/test_generator.py::test_gen_module_doc - AssertionError: assert ...
========================= 7 failed, 8 passed in 0.95s =========================
